../Core/Src/main.c:94:5:main	8	static
../Core/Src/main.c:153:6:SystemClock_Config	88	static
../Core/Src/main.c:200:13:MX_ADC1_Init	24	static
../Core/Src/main.c:247:13:MX_TIM1_Init	96	static
../Core/Src/main.c:322:13:MX_TIM2_Init	32	static
../Core/Src/main.c:367:13:MX_USART1_UART_Init	8	static
../Core/Src/main.c:398:13:MX_DMA_Init	16	static
../Core/Src/main.c:416:13:MX_GPIO_Init	40	static
../Core/Src/main.c:455:6:HAL_TIM_PeriodElapsedCallback	16	static
../Core/Src/main.c:473:6:mandarDatos	16	static
../Core/Src/main.c:483:6:HAL_UART_RxCpltCallback	32	static
../Core/Src/main.c:500:6:resistencia	8	static
../Core/Src/main.c:505:5:power	24	static
../Core/Src/main.c:520:5:conversor	40	static
../Core/Src/main.c:542:6:Error_Handler	4	static,ignoring_inline_asm
